-- stdout -------------------------------------------
hello goodbye a=a b=b d=d

-- stderr -------------------------------------------

