-- stdout -------------------------------------------

8000000000000000
0000000000000001

5
1
0
1
5

-- stderr -------------------------------------------

