-- stdout -------------------------------------------
0000000000000010
00000000F4F5F6F7
0000000000000001
0070605040302010
-- stderr -------------------------------------------

