-- stdout -------------------------------------------
   1: PASS
   2: PASS
   3: PASS
   3: PASS


-- stderr -------------------------------------------

