-- stdout -------------------------------------------
0x00000C92475D9054 0x00000C92475D9060       12 abcdefghijk ABCDEF
vectors freed


-- stderr -------------------------------------------

