-- stdout -------------------------------------------
0000000A

-- stderr -------------------------------------------

