-- stdout -------------------------------------------
0000746B81C8F000
00000E8D70391E00
1122334455667788
unmapped

-- stderr -------------------------------------------

