-- stdout -------------------------------------------
in foo
correctly arriving at error

-- stderr -------------------------------------------

