-- stdout -------------------------------------------
W o o d
Wor
should appear
should appear
          33.3333
     12345678.901234560000
-=- -=- 2=2 0=0
:=: :=:
-- stderr -------------------------------------------

