-- stdout -------------------------------------------
1
1

-- stderr -------------------------------------------

