-- stdout -------------------------------------------
     123
-- stderr -------------------------------------------

