-- stdout -------------------------------------------
0: -999996
100000: -800102
200000: -599907
300000: -399069
400000: -199056
500000: 1485
600000: 200954
700000: 401161
800000: 601110
900000: 800863

-- stderr -------------------------------------------

